================================================================
 Index Sweep (DJ30 + NASDAQ-100 + S&P 500) — Fri May 15 16:06:49 EDT 2026
 threshold=90  holds=15m 1h 2h EOD  top=30  puts=no
================================================================

▶ Fetching index constituents...
  DJ30:       30 symbols
  NASDAQ-100: 100 symbols
  S&P 500:    111 symbols
  Union:      184 unique symbols

▶ Pre-caching 2yr IBKR bars for 184 symbols (skips already-cached)...
========================================================================
 INTRADAY BACKTEST 2YR  |  184 symbols  |  threshold=90  |  CALLS only
 Data: IBKR 15-min bars × 2 years  (Yahoo 60-day fallback if unavailable)
 Slippage: 0.10% RT  |  MaxHold: 26 bars (6h)  |  Cooldown: 8 bars (2h)
 Primary window: 130 15-min bars  |  HTF: 1-hour (aggregated)
 Cache: 0 hits / 185 need fetch
 Estimated runtime: ~254m 37s  (fetch 925s + walk 14352s)
========================================================================
PRE-CACHE MODE — fetching 185 symbols, no backtest
  0/185 cached  |  185 need IBKR/Yahoo fetch
  Fetching 185 symbols in parallel (5 workers)…
    [  1/185] SPY     12931 bars  (IBKR)
    [  2/185] AAPL    12932 bars  (IBKR)
    [  3/185] ABNB    12933 bars  (IBKR)
    [  4/185] ADBE    12932 bars  (IBKR)
    [  5/185] ABT      1560 bars  (IBKR)
    [  6/185] ADI      1560 bars  (IBKR)
    [  7/185] ACN      1560 bars  (IBKR)
    [  8/185] ABBV     1560 bars  (IBKR)
    [  9/185] AMAT    12933 bars  (IBKR)
    [ 10/185] AMD     12932 bars  (IBKR)
    [ 11/185] AMGN    12954 bars  (IBKR)
    [ 12/185] AMZN    12932 bars  (IBKR)
    [ 13/185] ADP      1560 bars  (IBKR)
    [ 14/185] AEP      1560 bars  (IBKR)
    [ 15/185] ALGN     1560 bars  (IBKR)
    [ 16/185] ANSS      no data  (Yahoo)
    [ 17/185] AON      1560 bars  (IBKR)
    [ 18/185] AJG      1560 bars  (IBKR)
    [ 19/185] ARM      1560 bars  (IBKR)
    [ 20/185] APH      1560 bars  (IBKR)
    [ 21/185] AXP     12954 bars  (IBKR)
    [ 22/185] BA      12954 bars  (IBKR)
    [ 23/185] BAC     12933 bars  (IBKR)
    [ 24/185] BIIB    12933 bars  (IBKR)
    [ 25/185] ASML     1560 bars  (IBKR)
    [ 26/185] APP      1560 bars  (IBKR)
    [ 27/185] ASTS     1560 bars  (IBKR)
    [ 28/185] AVGO     1560 bars  (IBKR)
    [ 29/185] BLK      1560 bars  (IBKR)
    [ 30/185] CAT     12954 bars  (IBKR)
    [ 31/185] BKNG     1560 bars  (IBKR)
    [ 32/185] C        1560 bars  (IBKR)
    [ 33/185] BSX      1560 bars  (IBKR)
    [ 34/185] BRK-B    1560 bars  (IBKR)
    [ 35/185] CB       1560 bars  (IBKR)
    [ 36/185] CEG      1560 bars  (IBKR)
    [ 37/185] CDNS     1560 bars  (IBKR)
    [ 38/185] CMG      1560 bars  (IBKR)
    [ 39/185] CI       1560 bars  (IBKR)
    [ 40/185] COP      1560 bars  (IBKR)
    [ 41/185] CRM     12932 bars  (IBKR)
    [ 42/185] CMI      1560 bars  (IBKR)
    [ 43/185] CSCO    12954 bars  (IBKR)
    [ 44/185] CPRT     1560 bars  (IBKR)
    [ 45/185] COST     1560 bars  (IBKR)
    [ 46/185] CSGP     1560 bars  (IBKR)
    [ 47/185] CRWD     1560 bars  (IBKR)
    [ 48/185] CVX     12933 bars  (IBKR)
    [ 49/185] DASH    12933 bars  (IBKR)
    [ 50/185] CTAS     1560 bars  (IBKR)
    [ 51/185] COIN     1560 bars  (IBKR)
    [ 52/185] CTSH     1560 bars  (IBKR)
    [ 53/185] DIS     12954 bars  (IBKR)
    [ 54/185] DDOG     1560 bars  (IBKR)
    [ 55/185] DOW     12954 bars  (IBKR)
    [ 56/185] DE       1560 bars  (IBKR)
    [ 57/185] DHR      1560 bars  (IBKR)
    [ 58/185] DLTR     1560 bars  (IBKR)
    [ 59/185] DOCU     1560 bars  (IBKR)
    [ 60/185] DXCM     1560 bars  (IBKR)
    [ 61/185] EBAY     1560 bars  (IBKR)
    [ 62/185] EA       1560 bars  (IBKR)
    [ 63/185] EOG      1560 bars  (IBKR)
    [ 64/185] ECL      1560 bars  (IBKR)
    [ 65/185] FI        no data  (Yahoo)
    [ 66/185] FAST     1560 bars  (IBKR)
    [ 67/185] EXC      1560 bars  (IBKR)
    [ 68/185] FANG     1560 bars  (IBKR)
    [ 69/185] FTNT     1560 bars  (IBKR)
    [ 70/185] GE       1560 bars  (IBKR)
    [ 71/185] GOOGL   12932 bars  (IBKR)
    [ 72/185] GS      12933 bars  (IBKR)
    [ 73/185] HD      12954 bars  (IBKR)
    [ 74/185] HON     12954 bars  (IBKR)
    [ 75/185] GEHC     1560 bars  (IBKR)
    [ 76/185] GFS      1560 bars  (IBKR)
    [ 77/185] IBM     12954 bars  (IBKR)
    [ 78/185] GILD     1560 bars  (IBKR)
    [ 79/185] GOOG     1560 bars  (IBKR)
    [ 80/185] IDXX     1560 bars  (IBKR)
    [ 81/185] INTC    12954 bars  (IBKR)
    [ 82/185] ILMN     1560 bars  (IBKR)
    [ 83/185] ICE      1560 bars  (IBKR)
    [ 84/185] HUM      1560 bars  (IBKR)
    [ 85/185] HOOD     1560 bars  (IBKR)
    [ 86/185] JNJ     12954 bars  (IBKR)
    [ 87/185] JPM     12933 bars  (IBKR)
    [ 88/185] KDP      1560 bars  (IBKR)
    [ 89/185] IONQ     1560 bars  (IBKR)
    [ 90/185] KO      12954 bars  (IBKR)
    [ 91/185] ITW      1560 bars  (IBKR)
    [ 92/185] LLY     12933 bars  (IBKR)
    [ 93/185] INTU     1560 bars  (IBKR)
    [ 94/185] ISRG     1560 bars  (IBKR)
    [ 95/185] LYFT    12934 bars  (IBKR)
    [ 96/185] MA      12933 bars  (IBKR)
    [ 97/185] MCD     12954 bars  (IBKR)
    [ 98/185] KLAC     1560 bars  (IBKR)
    [ 99/185] LULU     1560 bars  (IBKR)
    [100/185] MCHP     1560 bars  (IBKR)
    [101/185] LRCX     1560 bars  (IBKR)
    [102/185] META    12932 bars  (IBKR)
    [103/185] LIN      1560 bars  (IBKR)
    [104/185] MMM     12954 bars  (IBKR)
    [105/185] MCK      1560 bars  (IBKR)
    [106/185] MDLZ     1560 bars  (IBKR)
    [107/185] MRK     12954 bars  (IBKR)
    [108/185] MMC       no data  (Yahoo)
    [109/185] MS      12933 bars  (IBKR)
    [110/185] MRVL    12932 bars  (IBKR)
    [111/185] MSFT    12932 bars  (IBKR)
    [112/185] MDB      1560 bars  (IBKR)
    [113/185] MNST     1560 bars  (IBKR)
    [114/185] MU      12933 bars  (IBKR)
    [115/185] MTCH     1560 bars  (IBKR)
    [116/185] MO       1560 bars  (IBKR)
    [117/185] NFLX    12932 bars  (IBKR)
    [118/185] NKE     12954 bars  (IBKR)
    [119/185] MSI      1560 bars  (IBKR)
    [120/185] NOW     12932 bars  (IBKR)
    [121/185] MSTR     1560 bars  (IBKR)
    [122/185] NVDA    12932 bars  (IBKR)
    [123/185] ORCL    12931 bars  (IBKR)
    [124/185] NET      1560 bars  (IBKR)
    [125/185] ORLY     1560 bars  (IBKR)
    [126/185] ODFL     1560 bars  (IBKR)
    [127/185] ON       1560 bars  (IBKR)
    [128/185] OTIS     1560 bars  (IBKR)
    [129/185] NSC      1560 bars  (IBKR)
    [130/185] PG      12953 bars  (IBKR)
    [131/185] PAYX     1560 bars  (IBKR)
    [132/185] PLTR    12954 bars  (IBKR)
    [133/185] PANW     1560 bars  (IBKR)
    [134/185] PCAR     1560 bars  (IBKR)
    [135/185] PEP      1560 bars  (IBKR)
    [136/185] QCOM    12932 bars  (IBKR)
    [137/185] PNC      1560 bars  (IBKR)
    [138/185] PM       1560 bars  (IBKR)
    [139/185] PTON     1560 bars  (IBKR)
    [140/185] RBLX     1560 bars  (IBKR)
    [141/185] RDDT     1560 bars  (IBKR)
    [142/185] SBUX     1560 bars  (IBKR)
    [143/185] ROKU     1560 bars  (IBKR)
    [144/185] REGN     1560 bars  (IBKR)
    [145/185] SGEN      no data  (Yahoo)
    [146/185] SMCI    12954 bars  (IBKR)
    [147/185] SCHW     1560 bars  (IBKR)
    [148/185] SIRI     1560 bars  (IBKR)
    [149/185] SHW      1560 bars  (IBKR)
    [150/185] SNOW     1560 bars  (IBKR)
    [151/185] SNPS     1560 bars  (IBKR)
    [152/185] PLD      1560 bars  (IBKR)
    [153/185] SPGI     1560 bars  (IBKR)
    [154/185] SO       1560 bars  (IBKR)
    [155/185] SPLK      no data  (Yahoo)
    [156/185] TEAM     1560 bars  (IBKR)
    [157/185] SYK      1560 bars  (IBKR)
    [158/185] TSLA    12932 bars  (IBKR)
    [159/185] TDG      1560 bars  (IBKR)
    [160/185] TJX      1560 bars  (IBKR)
    [161/185] TMO      1560 bars  (IBKR)
    [162/185] UBER    12932 bars  (IBKR)
    [163/185] TRV      1560 bars  (IBKR)
    [164/185] TTWO     1560 bars  (IBKR)
    [165/185] V       12932 bars  (IBKR)
    [166/185] TTD      1560 bars  (IBKR)
    [167/185] TXN      1560 bars  (IBKR)
    [168/185] VRTX    12933 bars  (IBKR)
    [169/185] VRSK     1560 bars  (IBKR)
    [170/185] UNH      1560 bars  (IBKR)
    [171/185] USB      1560 bars  (IBKR)
    [172/185] VRSN     1560 bars  (IBKR)
    [173/185] WBA       no data  (Yahoo)
    [174/185] VZ       1560 bars  (IBKR)
    [175/185] WCN      1560 bars  (IBKR)
    [176/185] WBD      1560 bars  (IBKR)
    [177/185] WM       1560 bars  (IBKR)
    [178/185] XOM     12932 bars  (IBKR)
    [179/185] WELL     1560 bars  (IBKR)
    [180/185] WDAY     1560 bars  (IBKR)
    [181/185] WMT      1560 bars  (IBKR)
    [182/185] XEL      1560 bars  (IBKR)
    [183/185] ZS       1560 bars  (IBKR)
    [184/185] ZTS      1560 bars  (IBKR)
    [185/185] ZM       1560 bars  (IBKR)
  Done: 179/185 symbols returned data
PRECACHE_DONE:179/185

▶ Running backtests (3 indices × 4 hold times = 12 runs)...

Index        Hold         n     WR%      PF    Sharpe
----------------------------------------------
dj30         15m     (err: Expecting value: line 1 column 1 (char 0))
dj30         1h      (err: Expecting value: line 1 column 1 (char 0))
dj30         2h      (err: Expecting value: line 1 column 1 (char 0))
dj30         EOD     (err: Expecting value: line 1 column 1 (char 0))

nasdaq100    15m     (err: Expecting value: line 1 column 1 (char 0))
nasdaq100    1h      (err: Expecting value: line 1 column 1 (char 0))
nasdaq100    2h      (err: Expecting value: line 1 column 1 (char 0))
nasdaq100    EOD     (err: Expecting value: line 1 column 1 (char 0))

sp500        15m     (err: Expecting value: line 1 column 1 (char 0))
sp500        1h      (err: Expecting value: line 1 column 1 (char 0))
sp500        2h      (err: Expecting value: line 1 column 1 (char 0))
========================================================================
 INTRADAY BACKTEST 2YR  |  111 symbols  |  threshold=90  |  CALLS only
 Data: IBKR 15-min bars × 2 years  (Yahoo 60-day fallback if unavailable)
 Slippage: 0.10% RT  |  MaxHold: 26 bars (6h)  |  Cooldown: 8 bars (2h)
 Primary window: 130 15-min bars  |  HTF: 1-hour (aggregated)
 Cache: 0 hits / 112 need fetch
 Estimated runtime: ~153m 38s  (fetch 560s + walk 8658s)
========================================================================
  0/112 cached  |  112 need IBKR/Yahoo fetch
  Fetching 112 symbols in parallel (5 workers)…
    [  1/112] SPY     12931 bars  (IBKR)
    [  2/112] AAPL    12932 bars  (IBKR)
    [  3/112] AMZN    12932 bars  (IBKR)
    [  4/112] NVDA    12932 bars  (IBKR)
    [  5/112] GOOGL   12932 bars  (IBKR)
    [  6/112] MSFT    12932 bars  (IBKR)
    [  7/112] META    12932 bars  (IBKR)
    [  8/112] TSLA    12932 bars  (IBKR)
    [  9/112] JPM     12933 bars  (IBKR)
    [ 10/112] LLY     12933 bars  (IBKR)
    [ 11/112] XOM     12932 bars  (IBKR)
    [ 12/112] V       12932 bars  (IBKR)
    [ 13/112] MA      12933 bars  (IBKR)
    [ 14/112] HD      12954 bars  (IBKR)
    [ 15/112] PG      12953 bars  (IBKR)
    [ 16/112] JNJ     12954 bars  (IBKR)
    [ 17/112] ORCL    12931 bars  (IBKR)
    [ 18/112] BAC     12933 bars  (IBKR)
    [ 19/112] UNH      1560 bars  (IBKR)
    [ 20/112] KO      12954 bars  (IBKR)
    [ 21/112] MRK     12954 bars  (IBKR)
    [ 22/112] ABBV     1560 bars  (IBKR)
    [ 23/112] CVX     12933 bars  (IBKR)
    [ 24/112] AVGO     1560 bars  (IBKR)
    [ 25/112] CRM     12932 bars  (IBKR)
    [ 26/112] NFLX    12932 bars  (IBKR)
    [ 27/112] AMD     12932 bars  (IBKR)
    [ 28/112] COST     1560 bars  (IBKR)
    [ 29/112] QCOM    12932 bars  (IBKR)
    [ 30/112] BRK-B    1560 bars  (IBKR)
    [ 31/112] ABT      1560 bars  (IBKR)
    [ 32/112] WMT      1560 bars  (IBKR)
    [ 33/112] ACN      1560 bars  (IBKR)
    [ 34/112] TXN      1560 bars  (IBKR)
    [ 35/112] TMO      1560 bars  (IBKR)
    [ 36/112] PEP      1560 bars  (IBKR)
    [ 37/112] CSCO    12954 bars  (IBKR)
    [ 38/112] PM       1560 bars  (IBKR)
    [ 39/112] IBM     12954 bars  (IBKR)
    [ 40/112] NOW     12932 bars  (IBKR)
    [ 41/112] INTC    12954 bars  (IBKR)
    [ 42/112] DIS     12954 bars  (IBKR)
    [ 43/112] DHR      1560 bars  (IBKR)
    [ 44/112] LIN      1560 bars  (IBKR)
    [ 45/112] GS      12933 bars  (IBKR)
    [ 46/112] MU      12933 bars  (IBKR)
    [ 47/112] ISRG     1560 bars  (IBKR)
    [ 48/112] GE       1560 bars  (IBKR)
    [ 49/112] BLK      1560 bars  (IBKR)
    [ 50/112] VRTX    12933 bars  (IBKR)
    [ 51/112] AMAT    12933 bars  (IBKR)
    [ 52/112] SYK      1560 bars  (IBKR)
    [ 53/112] SPGI     1560 bars  (IBKR)
    [ 54/112] REGN     1560 bars  (IBKR)
    [ 55/112] MS      12933 bars  (IBKR)
    [ 56/112] ADP      1560 bars  (IBKR)
    [ 57/112] AMGN    12954 bars  (IBKR)
    [ 58/112] ADI      1560 bars  (IBKR)
    [ 59/112] BKNG     1560 bars  (IBKR)
    [ 60/112] KLAC     1560 bars  (IBKR)
    [ 61/112] TJX      1560 bars  (IBKR)
    [ 62/112] MMC       no data  (Yahoo)
    [ 63/112] C        1560 bars  (IBKR)
    [ 64/112] PANW     1560 bars  (IBKR)
    [ 65/112] DE       1560 bars  (IBKR)
    [ 66/112] LRCX     1560 bars  (IBKR)
    [ 67/112] BSX      1560 bars  (IBKR)
    [ 68/112] CB       1560 bars  (IBKR)
    [ 69/112] ZTS      1560 bars  (IBKR)
    [ 70/112] PLD      1560 bars  (IBKR)
    [ 71/112] FI        no data  (Yahoo)
    [ 72/112] MO       1560 bars  (IBKR)
    [ 73/112] COP      1560 bars  (IBKR)
    [ 74/112] MDLZ     1560 bars  (IBKR)
    [ 75/112] ICE      1560 bars  (IBKR)
    [ 76/112] SO       1560 bars  (IBKR)
    [ 77/112] CMG      1560 bars  (IBKR)
    [ 78/112] AON      1560 bars  (IBKR)
    [ 79/112] SCHW     1560 bars  (IBKR)
    [ 80/112] HUM      1560 bars  (IBKR)
    [ 81/112] CI       1560 bars  (IBKR)
    [ 82/112] WM       1560 bars  (IBKR)
    [ 83/112] ITW      1560 bars  (IBKR)
    [ 84/112] CTAS     1560 bars  (IBKR)
    [ 85/112] MCK      1560 bars  (IBKR)
    [ 86/112] SHW      1560 bars  (IBKR)
    [ 87/112] PNC      1560 bars  (IBKR)
    [ 88/112] USB      1560 bars  (IBKR)
    [ 89/112] EOG      1560 bars  (IBKR)
    [ 90/112] TDG      1560 bars  (IBKR)
    [ 91/112] MSI      1560 bars  (IBKR)
    [ 92/112] WCN      1560 bars  (IBKR)
    [ 93/112] NSC      1560 bars  (IBKR)
    [ 94/112] ECL      1560 bars  (IBKR)
    [ 95/112] WELL     1560 bars  (IBKR)
    [ 96/112] APH      1560 bars  (IBKR)
    [ 97/112] AJG      1560 bars  (IBKR)
    [ 98/112] OTIS     1560 bars  (IBKR)
    [ 99/112] CRWD     1560 bars  (IBKR)
    [100/112] CMI      1560 bars  (IBKR)
    [101/112] FTNT     1560 bars  (IBKR)
    [102/112] NET      1560 bars  (IBKR)
    [103/112] DDOG     1560 bars  (IBKR)
    [104/112] UBER    12932 bars  (IBKR)
    [105/112] ABNB    12933 bars  (IBKR)
    [106/112] DASH    12933 bars  (IBKR)
    [107/112] SNOW     1560 bars  (IBKR)
    [108/112] ZS       1560 bars  (IBKR)
    [109/112] WDAY     1560 bars  (IBKR)
    [110/112] TEAM     1560 bars  (IBKR)
    [111/112] RBLX     1560 bars  (IBKR)
    [112/112] COIN     1560 bars  (IBKR)
  Done: 110/112 symbols returned data

 Date range : 2024-05-15 → 2026-05-15  (730 days)
 IS cutoff  : 2024-05-15 → 2025-09-15
 OOS period : 2025-09-16 → 2026-05-15

 Fetch done in 5s
 Running walk-forward on 111 symbols…
   AAPL     13 trades  (4 OOS)
   MSFT      6 trades  (3 OOS)
   NVDA     60 trades  (21 OOS)
   AMZN     28 trades  (12 OOS)
   META     36 trades  (7 OOS)
   GOOGL    18 trades  (8 OOS)
   TSLA     99 trades  (30 OOS)
   AVGO     13 trades  (13 OOS)
   JPM       6 trades  (2 OOS)
   LLY      33 trades  (16 OOS)
   V         1 trades  (0 OOS)
   XOM       8 trades  (5 OOS)
   MA        3 trades  (2 OOS)
   HD        5 trades  (2 OOS)
   PG        1 trades  (0 OOS)
   JNJ       2 trades  (1 OOS)
   ORCL     44 trades  (23 OOS)
   BAC       9 trades  (5 OOS)
   KO        1 trades  (0 OOS)
   MRK      13 trades  (6 OOS)
   CVX       2 trades  (0 OOS)
   CRM      26 trades  (12 OOS)
   NFLX     24 trades  (7 OOS)
   AMD      89 trades  (32 OOS)
   ACN       6 trades  (6 OOS)
   QCOM     24 trades  (8 OOS)
   TXN       5 trades  (5 OOS)
   TMO       3 trades  (3 OOS)
   PM        2 trades  (2 OOS)
   DHR       1 trades  (1 OOS)
   ISRG      1 trades  (1 OOS)
   CSCO      7 trades  (3 OOS)
   GE        1 trades  (1 OOS)
   IBM      16 trades  (9 OOS)
   NOW      24 trades  (12 OOS)
   INTC     89 trades  (35 OOS)
   DIS       6 trades  (1 OOS)
   GS       26 trades  (14 OOS)
   BLK       3 trades  (3 OOS)
   SPGI      3 trades  (3 OOS)
   MU       78 trades  (35 OOS)
   SYK       1 trades  (1 OOS)
   REGN      4 trades  (4 OOS)
   ADP       2 trades  (2 OOS)
   VRTX     13 trades  (10 OOS)
   AMAT     46 trades  (28 OOS)
   ADI       6 trades  (6 OOS)
   BKNG      7 trades  (7 OOS)
   KLAC      5 trades  (5 OOS)
   MS       13 trades  (6 OOS)
   C         4 trades  (4 OOS)
   AMGN      7 trades  (4 OOS)
   DE        1 trades  (1 OOS)
   PANW     10 trades  (10 OOS)
   LRCX      3 trades  (3 OOS)
   BSX       2 trades  (2 OOS)
   PLD       1 trades  (1 OOS)
   COP       4 trades  (4 OOS)
   MDLZ      1 trades  (1 OOS)
   CMG       7 trades  (7 OOS)
   HUM       7 trades  (7 OOS)
   CI        1 trades  (1 OOS)
   MCK       2 trades  (2 OOS)
   SHW       3 trades  (3 OOS)
   PNC       1 trades  (1 OOS)
   USB       4 trades  (4 OOS)
   TDG       4 trades  (4 OOS)
   EOG       1 trades  (1 OOS)
   NSC       1 trades  (1 OOS)
   APH       7 trades  (7 OOS)
   ECL       1 trades  (1 OOS)
   OTIS      2 trades  (2 OOS)
   CMI       9 trades  (9 OOS)
   FTNT      3 trades  (3 OOS)
   CRWD      9 trades  (9 OOS)
   NET      12 trades  (12 OOS)
   SNOW      3 trades  (3 OOS)
   DDOG      5 trades  (5 OOS)
   ZS       11 trades  (11 OOS)
   WDAY     13 trades  (13 OOS)
   TEAM      6 trades  (6 OOS)
   UBER     47 trades  (12 OOS)
   ABNB     28 trades  (13 OOS)
   DASH     52 trades  (20 OOS)
   RBLX     13 trades  (13 OOS)
   COIN      8 trades  (8 OOS)

 Total trades: 1225   IS: 595   OOS: 630

────────────────────────────────────────────────────────────────────────
 OVERALL
────────────────────────────────────────────────────────────────────────
  In-sample                 n= 595  WR= 45.2%  PF= 0.90  Sharpe=-0.63  MaxDD= 56.49%  AvgP=-0.072%
  Out-of-sample             n= 630  WR= 48.4%  PF= 0.97  Sharpe=-0.19  MaxDD= 33.97%  AvgP=-0.015%
  Combined                  n=1225  WR= 46.9%  PF= 0.93  Sharpe=-0.44  MaxDD= 66.60%  AvgP=-0.043%

────────────────────────────────────────────────────────────────────────
 OOS BY GRADE
────────────────────────────────────────────────────────────────────────
  Grade S                   n= 630  WR= 48.4%  PF= 0.97  Sharpe=-0.19  MaxDD= 33.97%  AvgP=-0.015%
  Grade A                   —
  Grade B                   —
  Grade C                   —

────────────────────────────────────────────────────────────────────────
 OOS BY REGIME
────────────────────────────────────────────────────────────────────────
  Bull (CALL only)          n= 630  WR= 48.4%  PF= 0.97  Sharpe=-0.19  MaxDD= 33.97%  AvgP=-0.015%
  Bear (PUT only)           —

────────────────────────────────────────────────────────────────────────
 OOS BY DIRECTION
────────────────────────────────────────────────────────────────────────
  CALL                      n= 630  WR= 48.4%  PF= 0.97  Sharpe=-0.19  MaxDD= 33.97%  AvgP=-0.015%
  PUT                       —

────────────────────────────────────────────────────────────────────────
 OOS BY SIGNAL HOUR (ET)
────────────────────────────────────────────────────────────────────────
  10:xx ET                  n= 366  WR= 47.3%  PF= 0.96  Sharpe=-0.24  MaxDD= 23.92%  AvgP=-0.022%
  11:xx ET                  n=  53  WR= 58.5%  PF= 1.55  Sharpe= 2.80  MaxDD=  9.67%  AvgP=+0.243% ✓
  12:xx ET                  n=  40  WR= 67.5%  PF= 1.57  Sharpe= 2.89  MaxDD=  3.54%  AvgP=+0.191% ✓
  13:xx ET                  n=  21  WR= 47.6%  PF= 0.85  Sharpe=-1.07  MaxDD=  5.58%  AvgP=-0.078% ✗
  14:xx ET                  n=  43  WR= 37.2%  PF= 0.32  Sharpe=-7.30  MaxDD= 13.87%  AvgP=-0.305% ✗
  15:xx ET                  n= 107  WR= 44.9%  PF= 0.72  Sharpe=-1.96  MaxDD=  8.07%  AvgP=-0.067% ✗

────────────────────────────────────────────────────────────────────────
 OOS BY EXIT TYPE
────────────────────────────────────────────────────────────────────────
  target                    n=  72  WR=100.0%  PF=999.00  Sharpe=53.76  MaxDD=  0.00%  AvgP=+2.193% ✓
  stop                      n= 139  WR=  0.0%  PF= 0.00  Sharpe=-54.35  MaxDD=222.03%  AvgP=-1.597% ✗
  timeout                   n= 419  WR= 55.6%  PF= 1.57  Sharpe= 2.74  MaxDD=  7.29%  AvgP=+0.130% ✓

────────────────────────────────────────────────────────────────────────
 OOS TOP SYMBOLS (by trade count)
────────────────────────────────────────────────────────────────────────
  INTC                      n=  35  WR= 42.9%  PF= 0.79  Sharpe=-1.63  MaxDD= 11.32%  AvgP=-0.193% ✗
  MU                        n=  35  WR= 60.0%  PF= 1.16  Sharpe= 0.95  MaxDD= 10.21%  AvgP=+0.098%
  AMD                       n=  32  WR= 46.9%  PF= 1.26  Sharpe= 1.58  MaxDD= 12.96%  AvgP=+0.161%
  TSLA                      n=  30  WR= 53.3%  PF= 0.96  Sharpe=-0.28  MaxDD= 13.01%  AvgP=-0.024%
  AMAT                      n=  28  WR= 67.9%  PF= 5.55  Sharpe= 8.50  MaxDD=  1.37%  AvgP=+0.487% ✓
  ORCL                      n=  23  WR= 56.5%  PF= 1.53  Sharpe= 2.81  MaxDD=  9.69%  AvgP=+0.302% ✓
  NVDA                      n=  21  WR= 42.9%  PF= 0.73  Sharpe=-2.10  MaxDD=  7.52%  AvgP=-0.143% ✗
  DASH                      n=  20  WR= 35.0%  PF= 0.42  Sharpe=-5.53  MaxDD=  9.65%  AvgP=-0.406% ✗
  LLY                       n=  16  WR= 56.2%  PF= 1.47  Sharpe= 2.47  MaxDD=  3.41%  AvgP=+0.194% ✓
  GS                        n=  14  WR= 35.7%  PF= 0.37  Sharpe=-6.70  MaxDD=  5.78%  AvgP=-0.396% ✗
  AVGO                      n=  13  WR= 46.2%  PF= 1.04  Sharpe= 0.24  MaxDD=  2.83%  AvgP=+0.011%
  WDAY                      n=  13  WR= 38.5%  PF= 1.23  Sharpe= 1.22  MaxDD=  6.37%  AvgP=+0.113% ✗
  ABNB                      n=  13  WR= 30.8%  PF= 0.22  Sharpe=-10.01  MaxDD=  8.44%  AvgP=-0.592% ✗
  RBLX                      n=  13  WR= 46.2%  PF= 0.73  Sharpe=-2.02  MaxDD=  6.86%  AvgP=-0.217% ✗
  AMZN                      n=  12  WR= 41.7%  PF= 1.10  Sharpe= 0.55  MaxDD=  3.36%  AvgP=+0.047% ✗
  CRM                       n=  12  WR= 58.3%  PF= 0.91  Sharpe=-0.64  MaxDD=  2.45%  AvgP=-0.038%
  NOW                       n=  12  WR= 25.0%  PF= 0.37  Sharpe=-6.23  MaxDD=  6.80%  AvgP=-0.441% ✗
  NET                       n=  12  WR= 50.0%  PF= 0.66  Sharpe=-2.45  MaxDD=  4.59%  AvgP=-0.209% ✗
  UBER                      n=  12  WR= 33.3%  PF= 0.22  Sharpe=-10.15  MaxDD=  6.50%  AvgP=-0.536% ✗
  ZS                        n=  11  WR= 63.6%  PF= 3.69  Sharpe= 7.44  MaxDD=  2.55%  AvgP=+0.665% ✓

========================================================================
 VERDICT: FAIL — no confirmed OOS edge  (PF 0.97  Sharpe -0.19  WR 48.4%)
 OOS MaxDD=33.97%  AvgP=-0.015%/trade  n=630
 Total runtime: 4m 30s  (fetch 5s + walk 265s)
========================================================================
[31msp500        EOD        630   48.4%    0.00     -0.19[0m

▶ Ranking all symbols by best OOS Sharpe across all holds (min 5 trades)...

Rank  Symbol   Index        Hold       n    WR%     PF   Sharpe    MaxDD
----------------------------------------------------------------------
1     KLAC     sp500        6h30m      5  80.0%   8.56    15.78    0.31% ★
2     BAC      sp500        6h30m      5  80.0%   9.04    10.07    0.14% ★
3     CRWD     sp500        6h30m      9  66.7%   4.93     8.86    0.32% ★
4     AMAT     sp500        6h30m     28  67.9%   5.55     8.50    1.37% ★
5     ADI      sp500        6h30m      6  83.3%   3.90     8.16    1.26% ★
6     BKNG     sp500        6h30m      7  85.7%   4.21     8.03    1.18% ★
7     ZS       sp500        6h30m     11  63.6%   3.69     7.44    2.55% ★
8     PANW     sp500        6h30m     10  70.0%   3.16     7.44    1.56% ★
9     QCOM     sp500        6h30m      8  50.0%   3.29     6.89    1.33% ★
10    MRK      sp500        6h30m      6  66.7%   2.37     6.01    1.12% ★
11    HUM      sp500        6h30m      7  71.4%   2.07     3.94    2.09% ★
12    ORCL     sp500        6h30m     23  56.5%   1.53     2.81    9.69% ★
13    COIN     sp500        6h30m      8  50.0%   1.64     2.77    4.58% ★
14    LLY      sp500        6h30m     16  56.2%   1.47     2.47    3.41% ★
15    IBM      sp500        6h30m      9  66.7%   1.45     2.45    1.38% ★
16    AMD      sp500        6h30m     32  46.9%   1.26     1.58   12.96%
17    WDAY     sp500        6h30m     13  38.5%   1.23     1.22    6.37%
18    DDOG     sp500        6h30m      5  20.0%   1.25     1.15    0.68%
19    MU       sp500        6h30m     35  60.0%   1.16     0.95   10.21%
20    ACN      sp500        6h30m      6  66.7%   1.10     0.60    1.30%
21    AMZN     sp500        6h30m     12  41.7%   1.10     0.55    3.36%
22    AVGO     sp500        6h30m     13  46.2%   1.04     0.24    2.83%
23    APH      sp500        6h30m      7  42.9%   1.03     0.20    2.44%
24    TSLA     sp500        6h30m     30  53.3%   0.96    -0.28   13.01%
25    CRM      sp500        6h30m     12  58.3%   0.91    -0.64    2.45%
26    NFLX     sp500        6h30m      7  42.9%   0.86    -0.91    1.84%
27    META     sp500        6h30m      7  28.6%   0.79    -1.41    1.61%
28    INTC     sp500        6h30m     35  42.9%   0.79    -1.63   11.32%
29    TEAM     sp500        6h30m      6  33.3%   0.73    -1.63    3.83%
30    RBLX     sp500        6h30m     13  46.2%   0.73    -2.02    6.86%

✓ Top 30 cream-of-the-crop symbols:
  KLAC  BAC  CRWD  AMAT  ADI  BKNG  ZS  PANW  QCOM  MRK  HUM  ORCL  COIN  LLY  IBM  AMD  WDAY  DDOG  MU  ACN  AMZN  AVGO  APH  TSLA  CRM  NFLX  META  INTC  TEAM  RBLX

  Full ranking saved → data/cream_universe.json

================================================================
 Done. Log: data/index_sweep_20260515_160649.log
================================================================
