================================================================
 Index Sweep — Fri May 15 16:00:50 EDT 2026
 threshold=90  hold=8 bars (2h0m)  top=30
================================================================

▶ Fetching index constituents...
  DJ30:       30 symbols
  NASDAQ-100: 100 symbols
  S&P 500:    111 symbols
  Union:      184 unique symbols

▶ Pre-caching 2yr IBKR bars for all 184 symbols...
  (already-cached symbols are skipped — this can take a while)
========================================================================
 INTRADAY BACKTEST 2YR  |  184 symbols  |  threshold=90  |  CALLS only
 Data: IBKR 15-min bars × 2 years  (Yahoo 60-day fallback if unavailable)
 Slippage: 0.10% RT  |  MaxHold: 26 bars (6h)  |  Cooldown: 8 bars (2h)
 Primary window: 130 15-min bars  |  HTF: 1-hour (aggregated)
 Cache: 0 hits / 185 need fetch
 Estimated runtime: ~254m 37s  (fetch 925s + walk 14352s)
========================================================================
PRE-CACHE MODE — fetching 185 symbols, no backtest
  0/185 cached  |  185 need IBKR/Yahoo fetch
  Fetching 185 symbols in parallel (5 workers)…
    [  1/185] AAPL    12932 bars  (IBKR)
    [  2/185] SPY     12931 bars  (IBKR)
    [  3/185] ABNB    12933 bars  (IBKR)
    [  4/185] ADBE    12932 bars  (IBKR)
    [  5/185] ADP      1560 bars  (IBKR)
    [  6/185] ABBV     1560 bars  (IBKR)
    [  7/185] ADI      1560 bars  (IBKR)
    [  8/185] ACN      1560 bars  (IBKR)
    [  9/185] AMAT    12933 bars  (IBKR)
    [ 10/185] AMD     12932 bars  (IBKR)
    [ 11/185] AMGN    12954 bars  (IBKR)
    [ 12/185] AMZN    12932 bars  (IBKR)
    [ 13/185] ABT      1560 bars  (IBKR)
    [ 14/185] AJG      1560 bars  (IBKR)
    [ 15/185] ANSS      no data  (Yahoo)
    [ 16/185] AEP      1560 bars  (IBKR)
    [ 17/185] ALGN     1560 bars  (IBKR)
    [ 18/185] AON      1560 bars  (IBKR)
    [ 19/185] APP      1560 bars  (IBKR)
    [ 20/185] APH      1560 bars  (IBKR)
    [ 21/185] AXP     12954 bars  (IBKR)
    [ 22/185] BA      12954 bars  (IBKR)
    [ 23/185] ARM      1560 bars  (IBKR)
    [ 24/185] BAC     12933 bars  (IBKR)
    [ 25/185] BIIB    12933 bars  (IBKR)
    [ 26/185] ASML     1560 bars  (IBKR)
    [ 27/185] AVGO     1560 bars  (IBKR)
    [ 28/185] ASTS     1560 bars  (IBKR)
    [ 29/185] BLK      1560 bars  (IBKR)
    [ 30/185] CAT     12954 bars  (IBKR)
    [ 31/185] BKNG     1560 bars  (IBKR)
    [ 32/185] BSX      1560 bars  (IBKR)
    [ 33/185] BRK-B    1560 bars  (IBKR)
    [ 34/185] C        1560 bars  (IBKR)
    [ 35/185] CB       1560 bars  (IBKR)
    [ 36/185] CDNS     1560 bars  (IBKR)
    [ 37/185] CEG      1560 bars  (IBKR)
    [ 38/185] CI       1560 bars  (IBKR)
    [ 39/185] CMG      1560 bars  (IBKR)
    [ 40/185] CMI      1560 bars  (IBKR)
    [ 41/185] CRM     12932 bars  (IBKR)
    [ 42/185] COST     1560 bars  (IBKR)
    [ 43/185] CSCO    12954 bars  (IBKR)
    [ 44/185] COIN     1560 bars  (IBKR)
    [ 45/185] COP      1560 bars  (IBKR)
    [ 46/185] CPRT     1560 bars  (IBKR)
    [ 47/185] CVX     12933 bars  (IBKR)
    [ 48/185] DASH    12933 bars  (IBKR)
    [ 49/185] CRWD     1560 bars  (IBKR)
    [ 50/185] CTAS     1560 bars  (IBKR)
    [ 51/185] CSGP     1560 bars  (IBKR)
    [ 52/185] DIS     12954 bars  (IBKR)
    [ 53/185] CTSH     1560 bars  (IBKR)
    [ 54/185] DDOG     1560 bars  (IBKR)
    [ 55/185] DOW     12954 bars  (IBKR)
    [ 56/185] DE       1560 bars  (IBKR)
    [ 57/185] DHR      1560 bars  (IBKR)
    [ 58/185] DOCU     1560 bars  (IBKR)
    [ 59/185] DLTR     1560 bars  (IBKR)
    [ 60/185] DXCM     1560 bars  (IBKR)
    [ 61/185] EA       1560 bars  (IBKR)
    [ 62/185] EBAY     1560 bars  (IBKR)
    [ 63/185] ECL      1560 bars  (IBKR)
    [ 64/185] EXC      1560 bars  (IBKR)
    [ 65/185] EOG      1560 bars  (IBKR)
    [ 66/185] FI        no data  (Yahoo)
    [ 67/185] FANG     1560 bars  (IBKR)
    [ 68/185] FAST     1560 bars  (IBKR)
    [ 69/185] FTNT     1560 bars  (IBKR)
    [ 70/185] GE       1560 bars  (IBKR)
    [ 71/185] GOOGL   12932 bars  (IBKR)
    [ 72/185] GS      12933 bars  (IBKR)
    [ 73/185] HD      12954 bars  (IBKR)
    [ 74/185] HON     12954 bars  (IBKR)
    [ 75/185] GEHC     1560 bars  (IBKR)
    [ 76/185] GILD     1560 bars  (IBKR)
    [ 77/185] IBM     12954 bars  (IBKR)
    [ 78/185] GFS      1560 bars  (IBKR)
    [ 79/185] HOOD     1560 bars  (IBKR)
    [ 80/185] HUM      1560 bars  (IBKR)
    [ 81/185] INTC    12954 bars  (IBKR)
    [ 82/185] GOOG     1560 bars  (IBKR)
    [ 83/185] IDXX     1560 bars  (IBKR)
    [ 84/185] ICE      1560 bars  (IBKR)
    [ 85/185] ILMN     1560 bars  (IBKR)
    [ 86/185] JNJ     12954 bars  (IBKR)
    [ 87/185] JPM     12933 bars  (IBKR)
    [ 88/185] INTU     1560 bars  (IBKR)
    [ 89/185] IONQ     1560 bars  (IBKR)
    [ 90/185] KO      12954 bars  (IBKR)
    [ 91/185] ISRG     1560 bars  (IBKR)
    [ 92/185] KDP      1560 bars  (IBKR)
    [ 93/185] LLY     12933 bars  (IBKR)
    [ 94/185] ITW      1560 bars  (IBKR)
    [ 95/185] LYFT    12934 bars  (IBKR)
    [ 96/185] MA      12933 bars  (IBKR)
    [ 97/185] LIN      1560 bars  (IBKR)
    [ 98/185] MCD     12954 bars  (IBKR)
    [ 99/185] KLAC     1560 bars  (IBKR)
    [100/185] MCHP     1560 bars  (IBKR)
    [101/185] LULU     1560 bars  (IBKR)
    [102/185] META    12932 bars  (IBKR)
    [103/185] LRCX     1560 bars  (IBKR)
    [104/185] MMM     12954 bars  (IBKR)
    [105/185] MDLZ     1560 bars  (IBKR)
    [106/185] MDB      1560 bars  (IBKR)
    [107/185] MRK     12954 bars  (IBKR)
    [108/185] MRVL    12932 bars  (IBKR)
    [109/185] MS      12933 bars  (IBKR)
    [110/185] MSFT    12932 bars  (IBKR)
    [111/185] MMC       no data  (Yahoo)
    [112/185] MNST     1560 bars  (IBKR)
    [113/185] MSTR     1560 bars  (IBKR)
    [114/185] MU      12933 bars  (IBKR)
    [115/185] MO       1560 bars  (IBKR)
    [116/185] NFLX    12932 bars  (IBKR)
    [117/185] MSI      1560 bars  (IBKR)
    [118/185] NKE     12954 bars  (IBKR)
    [119/185] NOW     12932 bars  (IBKR)
    [120/185] NVDA    12932 bars  (IBKR)
    [121/185] MTCH     1560 bars  (IBKR)
    [122/185] NSC      1560 bars  (IBKR)
    [123/185] ORCL    12931 bars  (IBKR)
    [124/185] NET      1560 bars  (IBKR)
    [125/185] ODFL     1560 bars  (IBKR)
    [126/185] MCK      1560 bars  (IBKR)
    [127/185] OTIS     1560 bars  (IBKR)
    [128/185] ON       1560 bars  (IBKR)
    [129/185] ORLY     1560 bars  (IBKR)
    [130/185] PG      12953 bars  (IBKR)
    [131/185] PANW     1560 bars  (IBKR)
    [132/185] PLTR    12954 bars  (IBKR)
    [133/185] PAYX     1560 bars  (IBKR)
    [134/185] PCAR     1560 bars  (IBKR)
    [135/185] PLD      1560 bars  (IBKR)
    [136/185] QCOM    12932 bars  (IBKR)
    [137/185] PEP      1560 bars  (IBKR)
    [138/185] PM       1560 bars  (IBKR)
    [139/185] PNC      1560 bars  (IBKR)
    [140/185] PTON     1560 bars  (IBKR)
    [141/185] RDDT     1560 bars  (IBKR)
    [142/185] RBLX     1560 bars  (IBKR)
    [143/185] ROKU     1560 bars  (IBKR)
    [144/185] SBUX     1560 bars  (IBKR)
    [145/185] SGEN      no data  (Yahoo)
    [146/185] SMCI    12954 bars  (IBKR)
    [147/185] SCHW     1560 bars  (IBKR)
    [148/185] REGN     1560 bars  (IBKR)
    [149/185] SHW      1560 bars  (IBKR)
    [150/185] SNOW     1560 bars  (IBKR)
    [151/185] SIRI     1560 bars  (IBKR)
    [152/185] SNPS     1560 bars  (IBKR)
    [153/185] SO       1560 bars  (IBKR)
    [154/185] SPLK      no data  (Yahoo)
    [155/185] SPGI     1560 bars  (IBKR)
    [156/185] SYK      1560 bars  (IBKR)
    [157/185] TDG      1560 bars  (IBKR)
    [158/185] TSLA    12932 bars  (IBKR)
    [159/185] TEAM     1560 bars  (IBKR)
    [160/185] TJX      1560 bars  (IBKR)
    [161/185] TMO      1560 bars  (IBKR)
    [162/185] UBER    12932 bars  (IBKR)
    [163/185] TTD      1560 bars  (IBKR)
    [164/185] TRV      1560 bars  (IBKR)
    [165/185] V       12932 bars  (IBKR)
    [166/185] TTWO     1560 bars  (IBKR)
    [167/185] USB      1560 bars  (IBKR)
    [168/185] VRTX    12933 bars  (IBKR)
    [169/185] UNH      1560 bars  (IBKR)
    [170/185] TXN      1560 bars  (IBKR)
    [171/185] VRSN     1560 bars  (IBKR)
    [172/185] VRSK     1560 bars  (IBKR)
    [173/185] WBA       no data  (Yahoo)
    [174/185] VZ       1560 bars  (IBKR)
    [175/185] WBD      1560 bars  (IBKR)
    [176/185] WCN      1560 bars  (IBKR)
    [177/185] WDAY     1560 bars  (IBKR)
    [178/185] XOM     12932 bars  (IBKR)
    [179/185] WM       1560 bars  (IBKR)
    [180/185] WELL     1560 bars  (IBKR)
    [181/185] WMT      1560 bars  (IBKR)
    [182/185] XEL      1560 bars  (IBKR)
    [183/185] ZTS      1560 bars  (IBKR)
    [184/185] ZS       1560 bars  (IBKR)
    [185/185] ZM       1560 bars  (IBKR)
  Done: 179/185 symbols returned data
PRECACHE_DONE:179/185

✓ Pre-cache complete. Re-run without --precache-only to run the backtest.
